# --------------------------------------------------- // System
pipewire                                               # audio/video server
pipewire-alsa                                          # pipewire alsa client
pipewire-audio                                         # pipewire audio client
pipewire-jack                                          # pipewire jack client
pipewire-pulse                                         # pipewire pulseaudio client
wireplumber                                            # pipewire session manager
pulsemixer
pamixer                                                # pulseaudio cli mixer
networkmanager                                         # network manager
network-manager-applet                                 # network manager system tray utility
brightnessctl                                          # screen brightness control
udiskie                                                # manage removable media

# --------------------------------------------------- // Display Manager
greetd-tuigreet

# --------------------------------------------------- // Window Manager
re2
libliftoff
xcb-util-errors
xorg-xwayland
aquamarine-git
hyprland-qtutils-git
hyprcursor-git
uwsm                                                   # universal wayland session manager
app2unit-git                                           # launch applications as systemd units
dunst                                                  # notification daemon
rofi-wayland                                           # application launcher
waybar                                                 # system bar
swww-git                                               # wallpaper
hyprlock-git                                           # lock screen
wlogout                                                # logout menu
grim                                                   # screenshot tool
slurp                                                  # region select for screenshot/screenshare
satty                                                  # Modern Screenshot Annotation
cliphist                                               # clipboard manager

# --------------------------------------------------- // Dependencies
polkit-gnome                                           # authentication agent
htop
keepassxc
pyprland-git
noto-fonts
xdg-desktop-portal-hyprland-git                        # xdg desktop portal for hyprland
xdg-desktop-portal-gtk                                 # file picker and dbus  integration
xdg-user-dirs                                          # Manage user directories like ~/Desktop and ~/Music
pacman-contrib                                         # for system update check
parallel                                               # for parallel processing
jq                                                     # for json processing
imagemagick                                            # for image processing
qt5-imageformats                                       # for dolphin image thumbnails
ffmpegthumbs                                           # for dolphin video thumbnails
kde-cli-tools                                          # for dolphin file type defaults
libnotify                                              # for notifications
noto-fonts-emoji                                       # emoji font

# --------------------------------------------------- // Theming
qt5ct                                                  # qt5 configuration tool
qt6ct                                                  # qt6 configuration tool
kvantum                                                # svg based qt6 theme engine
kvantum-qt5                                            # svg based qt5 theme engine
qt5-wayland                                            # wayland support in qt5
qt6-wayland                                            # wayland support in qt6

# --------------------------------------------------- // Applications
brave-bin
mpv
phonon-qt6-mpv
swayimg
kitty                                                  # terminal
dolphin                                                # kde file manager
ark                                                    # kde file archiver
unzip                                                  # extracting zip files
fzf                                                    # Command-line fuzzy finder

# --------------------------------------------------- // Shell
eza|zsh                                                # file lister for zsh
zsh-theme-powerlevel10k-git|zsh                        # Powerlevel10k is a theme for Zsh. It emphasizes speed, flexibility and out-of-the-box experience.
starship|zsh                                           # customizable shell prompt written in Rust
# starship-git                                         # The cross-shell prompt for astronauts  
eza|fish                                               # file lister for fish
fastfetch                                              # system information fetch tool

# --------------------------------------------------- // HyDE
hypridle-git                                           # idle daemon
